---
source: src/to_execution_plan.rs
description: "Plan {\n    execution_time: None,\n    root: Aggregate(\n        AggregateNode {\n            base: BaseNode {\n                execution_time: None,\n                actual_rows: None,\n                children: [\n                    Projection(\n                        ProjectionNode {\n                            base: BaseNode {\n                                execution_time: None,\n                                actual_rows: None,\n                                children: [\n                                    HashJoin(\n                                        HashJoinNode {\n                                            base: BaseNode {\n                                                execution_time: None,\n                                                actual_rows: None,\n                                                children: [\n                                                    SequentialScan(\n                                                        SequentialScanNode {\n                                                            base: BaseNode {\n                                                                execution_time: None,\n                                                                actual_rows: None,\n                                                                children: [],\n                                                                output: [\n                                                                    Field {\n                                                                        table_name: Some(\n                                                                            \"r\",\n                                                                        ),\n                                                                        field_name: \"a\",\n                                                                    },\n                                                                    Field {\n                                                                        table_name: Some(\n                                                                            \"r\",\n                                                                        ),\n                                                                        field_name: \"b\",\n                                                                    },\n                                                                ],\n                                                            },\n                                                            relation: \"r\",\n                                                            opt_filter: None,\n                                                        },\n                                                    ),\n                                                    SequentialScan(\n                                                        SequentialScanNode {\n                                                            base: BaseNode {\n                                                                execution_time: None,\n                                                                actual_rows: None,\n                                                                children: [],\n                                                                output: [\n                                                                    Field {\n                                                                        table_name: Some(\n                                                                            \"s\",\n                                                                        ),\n                                                                        field_name: \"a\",\n                                                                    },\n                                                                    Field {\n                                                                        table_name: Some(\n                                                                            \"s\",\n                                                                        ),\n                                                                        field_name: \"b\",\n                                                                    },\n                                                                ],\n                                                            },\n                                                            relation: \"s\",\n                                                            opt_filter: None,\n                                                        },\n                                                    ),\n                                                ],\n                                                output: [\n                                                    Field {\n                                                        table_name: Some(\n                                                            \"r\",\n                                                        ),\n                                                        field_name: \"a\",\n                                                    },\n                                                    Field {\n                                                        table_name: Some(\n                                                            \"r\",\n                                                        ),\n                                                        field_name: \"b\",\n                                                    },\n                                                    Field {\n                                                        table_name: Some(\n                                                            \"s\",\n                                                        ),\n                                                        field_name: \"a\",\n                                                    },\n                                                    Field {\n                                                        table_name: Some(\n                                                            \"s\",\n                                                        ),\n                                                        field_name: \"b\",\n                                                    },\n                                                ],\n                                            },\n                                            condition: [\n                                                (\n                                                    Field {\n                                                        table_name: Some(\n                                                            \"r\",\n                                                        ),\n                                                        field_name: \"a\",\n                                                    },\n                                                    Field {\n                                                        table_name: Some(\n                                                            \"s\",\n                                                        ),\n                                                        field_name: \"a\",\n                                                    },\n                                                ),\n                                            ],\n                                        },\n                                    ),\n                                ],\n                                output: [\n                                    Field {\n                                        table_name: Some(\n                                            \"r\",\n                                        ),\n                                        field_name: \"a\",\n                                    },\n                                    Field {\n                                        table_name: Some(\n                                            \"s\",\n                                        ),\n                                        field_name: \"b\",\n                                    },\n                                ],\n                            },\n                        },\n                    ),\n                ],\n                output: [\n                    Field {\n                        table_name: None,\n                        field_name: \"min(r.a)\",\n                    },\n                    Field {\n                        table_name: None,\n                        field_name: \"min(s.b)\",\n                    },\n                ],\n            },\n            group_by: None,\n            aggregate: [\n                \"min(r.a)\",\n                \"min(s.b)\",\n            ],\n        },\n    ),\n    aliases: {},\n}"
---
AggregateExec: mode=Single, gby=[], aggr=[min(r.a), min(s.b)]
  ProjectionExec: expr=[a@2 as a, b@1 as b]
    HashJoinExec: mode=CollectLeft, join_type=Inner, on=[(a@0, a@0)]
      MemoryExec: partitions=1, partition_sizes=[1]
      MemoryExec: partitions=1, partition_sizes=[1]
